[debug] [2026-09-07T15:28:16.644Z] ----------------------------------------------------------------------
[debug] [2026-09-07T15:28:16.645Z] Command:       /usr/local/bin/node /Users/user1/.npm-global/bin/firebase deploy --only hosting
[debug] [2026-09-07T15:28:16.645Z] CLI Version:   15.14.0
[debug] [2026-09-07T15:28:16.645Z] Platform:      darwin
[debug] [2026-09-07T15:28:16.645Z] Node Version:  v24.14.1
[debug] [2026-09-07T15:28:16.645Z] Time:          Mon Sep 07 2026 11:28:16 GMT-0400 (Venezuela Time)
[debug] [2026-09-07T15:28:16.645Z] ----------------------------------------------------------------------
[debug] 
[debug] [2026-09-07T15:28:17.245Z] > command requires scopes: ["email","openid","https://www.googleapis.com/auth/cloudplatformprojects.readonly","https://www.googleapis.com/auth/firebase","https://www.googleapis.com/auth/cloud-platform"]
[debug] [2026-09-07T15:28:17.245Z] > authorizing via signed-in user (lotic2026@gmail.com)
[debug] [2026-09-07T15:28:17.245Z] [iam] checking project soulfudy for permissions ["firebase.projects.get","firebasehosting.sites.update"]
[debug] [2026-09-07T15:28:17.245Z] Checked if tokens are valid: true, expires at: 1788796089843
[debug] [2026-09-07T15:28:17.245Z] Checked if tokens are valid: true, expires at: 1788796089843
[debug] [2026-09-07T15:28:17.245Z] >>> [apiv2][query] POST https://cloudresourcemanager.googleapis.com/v1/projects/soulfudy:testIamPermissions [none]
[debug] [2026-09-07T15:28:17.245Z] >>> [apiv2][(partial)header] POST https://cloudresourcemanager.googleapis.com/v1/projects/soulfudy:testIamPermissions  x-goog-user-project=soulfudy
[debug] [2026-09-07T15:28:17.246Z] >>> [apiv2][body] POST https://cloudresourcemanager.googleapis.com/v1/projects/soulfudy:testIamPermissions {"permissions":["firebase.projects.get","firebasehosting.sites.update"]}
[debug] [2026-09-07T15:28:17.656Z] <<< [apiv2][status] POST https://cloudresourcemanager.googleapis.com/v1/projects/soulfudy:testIamPermissions 200
[debug] [2026-09-07T15:28:17.656Z] <<< [apiv2][body] POST https://cloudresourcemanager.googleapis.com/v1/projects/soulfudy:testIamPermissions {"permissions":["firebase.projects.get","firebasehosting.sites.update"]}
[debug] [2026-09-07T15:28:17.657Z] Checked if tokens are valid: true, expires at: 1788796089843
[debug] [2026-09-07T15:28:17.657Z] Checked if tokens are valid: true, expires at: 1788796089843
[debug] [2026-09-07T15:28:17.657Z] >>> [apiv2][query] GET https://firebase.googleapis.com/v1beta1/projects/soulfudy [none]
[debug] [2026-09-07T15:28:18.083Z] <<< [apiv2][status] GET https://firebase.googleapis.com/v1beta1/projects/soulfudy 200
[debug] [2026-09-07T15:28:18.083Z] <<< [apiv2][body] GET https://firebase.googleapis.com/v1beta1/projects/soulfudy {"projectId":"soulfudy","projectNumber":"688552610210","displayName":"Soulfudy-Papayson","name":"projects/soulfudy","resources":{"hostingSite":"soulfudy"},"state":"ACTIVE","labels":{"firebase":"enabled","firebase/storage-default-bucket":"created"},"etag":"1_77f2373c-fd97-43ea-933b-90d0544fafe4"}
[info] 
[info] === Deploying to 'soulfudy'...
[info] 
[info] i  deploying hosting 
[info] Running command: npm run build
